// Jest Snapshot v1, https://goo.gl/fbAQLP

exports[`schema typedoc 1`] = `
[
  {
    "data": {
      "0001-000": {
        "referenceName": "{{0001-000:symbolName}}",
        "srcPath": "examples/chrome/extension.schema.type.ts",
        "symbolName": "Uri",
        "uniqueSymbolName": "{{0001-000:symbolName}}6a83",
      },
      "00010-000": {
        "referenceName": "{{00010-000:symbolName}}",
        "srcPath": "examples/chrome/extension.schema.type.ts",
        "symbolName": "Action",
        "uniqueSymbolName": "{{00010-000:symbolName}}6a83",
      },
      "000125-000": {
        "referenceName": "{{000125-000:symbolName}}",
        "srcPath": "examples/chrome/extension.schema.type.ts",
        "symbolName": "ExtensionVoicesArrayEventTypesArray",
        "uniqueSymbolName": "{{000125-000:symbolName}}",
      },
      "000127-000": {
        "referenceName": "{{000127-000:symbolName}}",
        "srcPath": "examples/chrome/extension.schema.type.ts",
        "symbolName": "ExtensionVoicesArray",
        "uniqueSymbolName": "{{000127-000:symbolName}}",
      },
      "00014-000": {
        "referenceName": "{{00014-000:symbolName}}",
        "srcPath": "examples/chrome/extension.schema.type.ts",
        "symbolName": "Command",
        "uniqueSymbolName": "{{00014-000:symbolName}}6a83",
      },
      "000143-000": {
        "referenceName": "{{000143-000:symbolName}}",
        "srcPath": "examples/chrome/extension.schema.type.ts",
        "symbolName": "Extension",
        "uniqueSymbolName": "{{000143-000:symbolName}}",
      },
      "00015-000": {
        "referenceName": "{{00015-000:symbolName}}",
        "srcPath": "examples/chrome/extension.schema.type.ts",
        "symbolName": "VersionString",
        "uniqueSymbolName": "{{00015-000:symbolName}}6a83",
      },
      "00016-000": {
        "referenceName": "{{00016-000:symbolName}}",
        "srcPath": "examples/chrome/extension.schema.type.ts",
        "symbolName": "Page",
        "uniqueSymbolName": "{{00016-000:symbolName}}6a83",
      },
      "00018-000": {
        "referenceName": "{{00018-000:symbolName}}",
        "srcPath": "examples/chrome/extension.schema.type.ts",
        "symbolName": "Scripts",
        "uniqueSymbolName": "{{00018-000:symbolName}}6a83",
      },
      "00019-000": {
        "referenceName": "{{00019-000:symbolName}}",
        "srcPath": "examples/chrome/extension.schema.type.ts",
        "symbolName": "ContentSecurityPolicy",
        "uniqueSymbolName": "{{00019-000:symbolName}}6a83",
      },
      "0002-000": {
        "referenceName": "{{0002-000:symbolName}}",
        "srcPath": "examples/chrome/extension.schema.type.ts",
        "symbolName": "Icon",
        "uniqueSymbolName": "{{0002-000:symbolName}}6a83",
      },
      "00020-000": {
        "referenceName": "{{00020-000:symbolName}}",
        "srcPath": "examples/chrome/extension.schema.type.ts",
        "symbolName": "GlobPattern",
        "uniqueSymbolName": "{{00020-000:symbolName}}6a83",
      },
      "00021-000": {
        "referenceName": "{{00021-000:symbolName}}",
        "srcPath": "examples/chrome/extension.schema.type.ts",
        "symbolName": "MatchPattern",
        "uniqueSymbolName": "{{00021-000:symbolName}}6a83",
      },
      "00022-000": {
        "referenceName": "{{00022-000:symbolName}}",
        "srcPath": "examples/chrome/extension.schema.type.ts",
        "symbolName": "MimeType",
        "uniqueSymbolName": "{{00022-000:symbolName}}6a83",
      },
      "00024-000": {
        "referenceName": "{{00024-000:symbolName}}",
        "srcPath": "examples/chrome/extension.schema.type.ts",
        "symbolName": "Permissions",
        "uniqueSymbolName": "{{00024-000:symbolName}}6a83",
      },
      "00061-000": {
        "referenceName": "{{00061-000:symbolName}}",
        "srcPath": "examples/chrome/extension.schema.type.ts",
        "symbolName": "ExtensionContentScriptsArray",
        "uniqueSymbolName": "{{00061-000:symbolName}}",
      },
      "00075-000": {
        "referenceName": "{{00075-000:symbolName}}",
        "srcPath": "examples/chrome/extension.schema.type.ts",
        "symbolName": "ExtensionFileBrowserHandlersArray",
        "uniqueSymbolName": "{{00075-000:symbolName}}",
      },
      "00086-000": {
        "referenceName": "{{00086-000:symbolName}}",
        "srcPath": "examples/chrome/extension.schema.type.ts",
        "symbolName": "ExtensionInputComponentsArray",
        "uniqueSymbolName": "{{00086-000:symbolName}}",
      },
    },
    "prettify": true,
    "relativeSource": "./extension.schema",
    "targetPath": "examples/chrome/extension.schema.type.ts",
    "template": "/**
* Generated by @skyleague/therefore@v1.0.0-local
* Do not manually touch this
*/
/* eslint-disable */
import extensionSchema from './schemas/extension.schema.json'
import AjvValidator from 'ajv'
import type { ValidateFunction } from 'ajv'


interface {{00061-000:symbolName}} {
    /**
     * Specifies which pages this content script will be injected into.
     */
    matches: [{{00021-000:referenceName}},  ...({{00021-000:referenceName}})[]]
    /**
     * Excludes pages that this content script would otherwise be injected into.
     */
    exclude_matches: ({{00021-000:referenceName}})[]
    /**
     * The list of CSS files to be injected into matching pages. These are injected in the order they appear in this array, before any DOM is constructed or displayed for the page.
     */
    css: ({{0001-000:referenceName}})[]
    /**
     * The list of JavaScript files to be injected into matching pages. These are injected in the order they appear in this array.
     */
    js: {{00018-000:referenceName}}
    /**
     * Controls when the files in js are injected.
     * 
     * @default 'document_idle'
     */
    run_at: 'document_start' | 'document_end' | 'document_idle'
    /**
     * Controls whether the content script runs in all frames of the matching page, or only the top frame.
     * 
     * @default false
     */
    all_frames: boolean
    /**
     * Applied after matches to include only those URLs that also match this glob. Intended to emulate the @include Greasemonkey keyword.
     */
    include_globs: ({{00020-000:referenceName}})[]
    /**
     * Applied after matches to exclude URLs that match this glob. Intended to emulate the @exclude Greasemonkey keyword.
     */
    exclude_globs: ({{00020-000:referenceName}})[]
    /**
     * Whether to insert the content script on about:blank and about:srcdoc.
     * 
     * @default false
     */
    match_about_blank: boolean
}

interface {{00075-000:symbolName}} {
    /**
     * Used by event handling code to differentiate between multiple file handlers
     */
    id: string
    /**
     * What the button will display.
     */
    default_title: string
    /**
     * Filetypes to match.
     */
    file_filters: [string,  ...(string)[]]
}

interface {{00086-000:symbolName}} {
    name: string
    type: string
    id: string
    description: string
    language: string
    layouts: (string)[]
}

type {{000125-000:symbolName}} = 'start' | 'word' | 'sentence' | 'marker' | 'end' | 'error'

interface {{000127-000:symbolName}} {
    /**
     * Identifies the name of the voice and the engine used.
     */
    voice_name: string
    /**
     * Almost always, a voice can synthesize speech in just a single language. When an engine supports more than one language, it can easily register a separate voice for each language.
     */
    lang: string
    /**
     * If your voice corresponds to a male or female voice, you can use this parameter to help clients choose the most appropriate voice for their application.
     */
    gender: string
    /**
     * Events sent to update the client on the progress of speech synthesis.
     */
    event_types?: [{{000125-000:referenceName}},  ...({{000125-000:referenceName}})[]]
}

/**
 * JSON schema for Google Chrome extension manifest files
 */
export interface {{000143-000:symbolName}} {
    /**
     * One integer specifying the version of the manifest file format your package requires.
     */
    manifest_version: 2
    /**
     * The name of the extension
     */
    name: string
    /**
     * One to four dot-separated integers identifying the version of this extension.
     */
    version: {{00015-000:referenceName}}
    /**
     * Specifies the subdirectory of _locales that contains the default strings for this extension.
     * 
     * @default 'en'
     */
    default_locale: string
    /**
     * A plain text description of the extension
     */
    description: string
    /**
     * One or more icons that represent the extension, app, or theme. Recommended format: PNG; also BMP, GIF, ICO, JPEG.
     */
    icons: {
        /**
         * Used as the favicon for an extension's pages and infobar.
         */
        '16': {{0002-000:referenceName}}
        /**
         * Used on the extension management page (chrome://extensions).
         */
        '48': {{0002-000:referenceName}}
        /**
         * Used during installation and in the Chrome Web Store.
         */
        '128': {{0002-000:referenceName}}
        /**
         * Used during installation and in the Chrome Web Store.
         */
        '256': {{0002-000:referenceName}}
    }
    /**
     * Use browser actions to put icons in the main Google Chrome toolbar, to the right of the address bar. In addition to its icon, a browser action can also have a tooltip, a badge, and a popup.
     */
    browser_action: {{00010-000:referenceName}}
    /**
     * Use the chrome.pageAction API to put icons inside the address bar. Page actions represent actions that can be taken on the current page, but that aren't applicable to all pages.
     */
    page_action: {{00010-000:referenceName}}
    /**
     * The background page is an HTML page that runs in the extension process. It exists for the lifetime of your extension, and only one instance of it at a time is active.
     */
    background: {
        /**
         * When false, makes the background page an event page (loaded only when needed).
         * 
         * @default true
         */
        persistent: boolean
        /**
         * Specify the HTML of the background page.
         * 
         * @default 'background.html'
         */
        page: {{0001-000:referenceName}}
        /**
         * A background page will be generated by the extension system that includes each of the files listed in the scripts property.
         * 
         * @default ['background.js']
         */
        scripts: {{00018-000:referenceName}}
    }
    /**
     * Override pages are a way to substitute an HTML file from your extension for a page that Google Chrome normally provides.
     */
    chrome_url_overrides: {
        /**
         * The page that appears when the user chooses the Bookmark Manager menu item from the Chrome menu or, on Mac, the Bookmark Manager item from the Bookmarks menu. You can also get to this page by entering the URL chrome://bookmarks.
         * 
         * @default 'bookmarks.html'
         */
        bookmarks: {{00016-000:referenceName}}
        /**
         * The page that appears when the user chooses the History menu item from the Chrome menu or, on Mac, the Show Full History item from the History menu. You can also get to this page by entering the URL chrome://history.
         * 
         * @default 'history.html'
         */
        history: {{00016-000:referenceName}}
        /**
         * The page that appears when the user creates a new tab or window. You can also get to this page by entering the URL chrome://newtab.
         * 
         * @default 'newtab.html'
         */
        newtab: {{00016-000:referenceName}}
    }
    /**
     * Use the commands API to add keyboard shortcuts that trigger actions in your extension, for example, an action to open the browser action or send a command to the extension.
     */
    commands: {
        [k: string]: ( {{00014-000:referenceName}} ) | undefined
    }
    /**
     * Content scripts are JavaScript files that run in the context of web pages.
     */
    content_scripts: [{{00061-000:referenceName}},  ...({{00061-000:referenceName}})[]]
    content_security_policy: {{00019-000:referenceName}}
    /**
     * A DevTools extension adds functionality to the Chrome DevTools. It can add new UI panels and sidebars, interact with the inspected page, get information about network requests, and more.
     */
    devtools_page: {{00016-000:referenceName}}
    /**
     * Declares which extensions, apps, and web pages can connect to your extension via runtime.connect and runtime.sendMessage.
     */
    externally_connectable: {
        /**
         * The IDs of extensions or apps that are allowed to connect. If left empty or unspecified, no extensions or apps can connect.
         */
        ids: (string)[]
        /**
         * The URL patterns for web pages that are allowed to connect. This does not affect content scripts. If left empty or unspecified, no web pages can connect.
         */
        matches: (string)[]
        /**
         * Indicates that the extension would like to make use of the TLS channel ID of the web page connecting to it. The web page must also opt to send the TLS channel ID to the extension via setting includeTlsChannelId to true in runtime.connect's connectInfo or runtime.sendMessage's options.
         * 
         * @default false
         */
        accepts_tls_channel_id: boolean
    }
    /**
     * You can use this API to enable users to upload files to your website.
     */
    file_browser_handlers: [{{00075-000:referenceName}},  ...({{00075-000:referenceName}})[]]
    /**
     * The URL of the homepage for this extension.
     */
    homepage_url: {{0001-000:referenceName}}
    /**
     * Specify how this extension will behave if allowed to run in incognito mode.
     * 
     * @default 'spanning'
     */
    incognito: 'spanning' | 'split' | 'not_allowed'
    /**
     * Allows your extension to handle keystrokes, set the composition, and manage the candidate window.
     */
    input_components: ({{00086-000:referenceName}})[]
    /**
     * This value can be used to control the unique ID of an extension, app, or theme when it is loaded during development.
     */
    key: string
    /**
     * The version of Chrome that your extension, app, or theme requires, if any.
     */
    minimum_chrome_version: {{00015-000:referenceName}}
    /**
     * One or more mappings from MIME types to the Native Client module that handles each type.
     */
    nacl_modules: [{
        /**
         * The location of a Native Client manifest (a .nmf file) within the extension directory.
         */
        path: {{0001-000:referenceName}}
        /**
         * The MIME type for which the Native Client module will be registered as content handler.
         */
        mime_type: {{00022-000:referenceName}}
    },  ...({
        /**
         * The location of a Native Client manifest (a .nmf file) within the extension directory.
         */
        path: {{0001-000:referenceName}}
        /**
         * The MIME type for which the Native Client module will be registered as content handler.
         */
        mime_type: {{00022-000:referenceName}}
    })[]]
    /**
     * Use the Chrome Identity API to authenticate users: the getAuthToken for users logged into their Google Account and the launchWebAuthFlow for users logged into a non-Google account.
     */
    oauth2: {
        /**
         * You need to register your app in the Google APIs Console to get the client ID.
         */
        client_id: string
        scopes: [string,  ...(string)[]]
    }
    /**
     * Whether the app or extension is expected to work offline. When Chrome detects that it is offline, apps with this field set to true will be highlighted on the New Tab page.
     */
    offline_enabled: boolean
    /**
     * The omnibox API allows you to register a keyword with Google Chrome's address bar, which is also known as the omnibox.
     */
    omnibox: {
        /**
         * The keyward that will trigger your extension.
         */
        keyword: string
    }
    /**
     * Use the chrome.permissions API to request declared optional permissions at run time rather than install time, so users understand why the permissions are needed and grant only those that are necessary.
     */
    optional_permissions: {{00024-000:referenceName}}
    /**
     * To allow users to customize the behavior of your extension, you may wish to provide an options page. If you do, a link to it will be provided from the extensions management page at chrome://extensions. Clicking the Options link opens a new tab pointing at your options page.
     * 
     * @default 'options.html'
     */
    options_page: {{00016-000:referenceName}}
    /**
     * To allow users to customize the behavior of your extension, you may wish to provide an options page. If you do, an Options link will be shown on the extensions management page at chrome://extensions which opens a dialogue containing your options page.
     */
    options_ui: {
        /**
         * The path to your options page, relative to your extension's root.
         */
        page: string
        /**
         * If true, a Chrome user agent stylesheet will be applied to your options page. The default value is false, but we recommend you enable it for a consistent UI with Chrome.
         * 
         * @default true
         */
        chrome_style?: boolean
        /**
         * If true, your extension's options page will be opened in a new tab rather than embedded in chrome://extensions. The default is false, and we recommend that you don't change it. This is only useful to delay the inevitable deprecation of the old options UI! It will be removed soon, so try not to use it. It will break.
         * 
         * @default false
         */
        open_in_tab?: boolean
    }
    /**
     * Permissions help to limit damage if your extension or app is compromised by malware. Some permissions are also displayed to users before installation, as detailed in Permission Warnings.
     */
    permissions: {{00024-000:referenceName}}
    /**
     * Technologies required by the app or extension. Hosting sites such as the Chrome Web Store may use this list to dissuade users from installing apps or extensions that will not work on their computer.
     */
    requirements: {
        /**
         * The '3D' requirement denotes GPU hardware acceleration.
         */
        '3D': {
            /**
             * List of the 3D-related features your app requires.
             */
            features: ['webgl',  ...('webgl')[]]
        }
        /**
         * Indicates if an app or extension requires NPAPI to run. This requirement is enabled by default when the manifest includes the 'plugins' field.
         */
        plugins: {
            /**
             * @default true
             */
            npapi: boolean
        }
    }
    /**
     * Defines an collection of app or extension pages that are to be served in a sandboxed unique origin, and optionally a Content Security Policy to use with them.
     */
    sandbox: {
        pages: [{{00016-000:referenceName}},  ...({{00016-000:referenceName}})[]]
        /**
         * @default 'sandbox allow-scripts allow-forms'
         */
        content_security_policy: {{00019-000:referenceName}}
    }
    /**
     * The short name is typically used where there is insufficient space to display the full name.
     */
    short_name: string
    /**
     * If you publish using the Chrome Developer Dashboard, ignore this field. If you host your own extension or app: URL to an update manifest XML file.
     */
    update_url: {{0001-000:referenceName}}
    /**
     * Register itself as a speech engine.
     */
    tts_engine: {
        /**
         * Voices the extension can synthesize.
         */
        voices: [{{000127-000:referenceName}},  ...({{000127-000:referenceName}})[]]
        /**
         * In addition to the version field, which is used for update purposes, version_name can be set to a descriptive version string and will be used for display purposes if present.
         */
        version_name: string
        /**
         * An array of strings specifying the paths (relative to the package root) of packaged resources that are expected to be usable in the context of a web page.
         */
        web_accessible_resources: [{{0001-000:referenceName}},  ...({{0001-000:referenceName}})[]]
        chrome_settings_overrides: unknown
        content_pack: unknown
        current_locale: unknown
        import: unknown
        platforms: unknown
        signature: unknown
        spellcheck: unknown
        storage: unknown
        system_indicator: unknown
    }
}

export const {{000143-000:symbolName}} = {
    validate: new AjvValidator({"strict":true,"strictTypes":true,"useDefaults":true,"removeAdditional":false,"strictSchema":false,"loopRequired":5,"loopEnum":5,"code":{"optimize":true}}).compile<{{000143-000:symbolName}}>(extensionSchema),
    schema: extensionSchema,
    get errors() { return {{000143-000:symbolName}}.validate.errors ?? undefined },
    is: (o: unknown): o is {{000143-000:symbolName}} => {{000143-000:symbolName}}.validate(o) === true,
    assert: (o: unknown) => {
        if (!{{000143-000:symbolName}}.validate(o)) {
            throw new AjvValidator.ValidationError({{000143-000:symbolName}}.errors ?? [])
        }
    },
} as const

type {{00021-000:symbolName}} = string

type {{0001-000:symbolName}} = string

type {{00018-000:symbolName}} = [{{0001-000:referenceName}},  ...({{0001-000:referenceName}})[]]

type {{00020-000:symbolName}} = string

type {{00015-000:symbolName}} = string

type {{0002-000:symbolName}} = {{0001-000:referenceName}}

interface {{00010-000:symbolName}} {
    /**
     * Tooltip for the main toolbar icon.
     */
    default_title: string
    /**
     * The popup appears when the user clicks the icon.
     */
    default_popup: {{0001-000:referenceName}}
    default_icon: string | {
        '19': {{0002-000:referenceName}}
        '38': {{0002-000:referenceName}}
    }
}

type {{00016-000:symbolName}} = {{0001-000:referenceName}}

interface {{00014-000:symbolName}} {
    description: string
    suggested_key: {
        [k: string]: ( string ) | undefined
    }
}

/**
 * This introduces some fairly strict policies that will make extensions more secure by default, and provides you with the ability to create and enforce rules governing the types of content that can be loaded and executed by your extensions and applications.
 * 
 * @default \`script-src 'self'; object-src 'self'\`
 */
type {{00019-000:symbolName}} = string

type {{00022-000:symbolName}} = string

type {{00024-000:symbolName}} = (string)[]

",
    "type": "typescript",
  },
  {
    "clean": [Function],
    "data": {
      "0001-000": {
        "referenceName": "{{0001-000:symbolName}}",
        "srcPath": "examples/chrome/extension.schema.type.ts",
        "symbolName": "Uri",
        "uniqueSymbolName": "{{0001-000:symbolName}}6a83",
      },
      "00010-000": {
        "referenceName": "{{00010-000:symbolName}}",
        "srcPath": "examples/chrome/extension.schema.type.ts",
        "symbolName": "Action",
        "uniqueSymbolName": "{{00010-000:symbolName}}6a83",
      },
      "000125-000": {
        "referenceName": "{{000125-000:symbolName}}",
        "srcPath": "examples/chrome/extension.schema.type.ts",
        "symbolName": "ExtensionVoicesArrayEventTypesArray",
        "uniqueSymbolName": "{{000125-000:symbolName}}",
      },
      "000127-000": {
        "referenceName": "{{000127-000:symbolName}}",
        "srcPath": "examples/chrome/extension.schema.type.ts",
        "symbolName": "ExtensionVoicesArray",
        "uniqueSymbolName": "{{000127-000:symbolName}}",
      },
      "00014-000": {
        "referenceName": "{{00014-000:symbolName}}",
        "srcPath": "examples/chrome/extension.schema.type.ts",
        "symbolName": "Command",
        "uniqueSymbolName": "{{00014-000:symbolName}}6a83",
      },
      "000143-000": {
        "referenceName": "{{000143-000:symbolName}}",
        "srcPath": "examples/chrome/extension.schema.type.ts",
        "symbolName": "Extension",
        "uniqueSymbolName": "{{000143-000:symbolName}}",
      },
      "00015-000": {
        "referenceName": "{{00015-000:symbolName}}",
        "srcPath": "examples/chrome/extension.schema.type.ts",
        "symbolName": "VersionString",
        "uniqueSymbolName": "{{00015-000:symbolName}}6a83",
      },
      "00016-000": {
        "referenceName": "{{00016-000:symbolName}}",
        "srcPath": "examples/chrome/extension.schema.type.ts",
        "symbolName": "Page",
        "uniqueSymbolName": "{{00016-000:symbolName}}6a83",
      },
      "00018-000": {
        "referenceName": "{{00018-000:symbolName}}",
        "srcPath": "examples/chrome/extension.schema.type.ts",
        "symbolName": "Scripts",
        "uniqueSymbolName": "{{00018-000:symbolName}}6a83",
      },
      "00019-000": {
        "referenceName": "{{00019-000:symbolName}}",
        "srcPath": "examples/chrome/extension.schema.type.ts",
        "symbolName": "ContentSecurityPolicy",
        "uniqueSymbolName": "{{00019-000:symbolName}}6a83",
      },
      "0002-000": {
        "referenceName": "{{0002-000:symbolName}}",
        "srcPath": "examples/chrome/extension.schema.type.ts",
        "symbolName": "Icon",
        "uniqueSymbolName": "{{0002-000:symbolName}}6a83",
      },
      "00020-000": {
        "referenceName": "{{00020-000:symbolName}}",
        "srcPath": "examples/chrome/extension.schema.type.ts",
        "symbolName": "GlobPattern",
        "uniqueSymbolName": "{{00020-000:symbolName}}6a83",
      },
      "00021-000": {
        "referenceName": "{{00021-000:symbolName}}",
        "srcPath": "examples/chrome/extension.schema.type.ts",
        "symbolName": "MatchPattern",
        "uniqueSymbolName": "{{00021-000:symbolName}}6a83",
      },
      "00022-000": {
        "referenceName": "{{00022-000:symbolName}}",
        "srcPath": "examples/chrome/extension.schema.type.ts",
        "symbolName": "MimeType",
        "uniqueSymbolName": "{{00022-000:symbolName}}6a83",
      },
      "00024-000": {
        "referenceName": "{{00024-000:symbolName}}",
        "srcPath": "examples/chrome/extension.schema.type.ts",
        "symbolName": "Permissions",
        "uniqueSymbolName": "{{00024-000:symbolName}}6a83",
      },
      "00061-000": {
        "referenceName": "{{00061-000:symbolName}}",
        "srcPath": "examples/chrome/extension.schema.type.ts",
        "symbolName": "ExtensionContentScriptsArray",
        "uniqueSymbolName": "{{00061-000:symbolName}}",
      },
      "00075-000": {
        "referenceName": "{{00075-000:symbolName}}",
        "srcPath": "examples/chrome/extension.schema.type.ts",
        "symbolName": "ExtensionFileBrowserHandlersArray",
        "uniqueSymbolName": "{{00075-000:symbolName}}",
      },
      "00086-000": {
        "referenceName": "{{00086-000:symbolName}}",
        "srcPath": "examples/chrome/extension.schema.type.ts",
        "symbolName": "ExtensionInputComponentsArray",
        "uniqueSymbolName": "{{00086-000:symbolName}}",
      },
    },
    "prettify": true,
    "relativeSource": "./extension.schema",
    "targetPath": "examples/chrome/schemas/extension.schema.json",
    "template": "{
  "$schema": "http://json-schema.org/draft-07/schema#",
  "title": "JSON schema for Google Chrome extension manifest files",
  "type": "object",
  "properties": {
    "manifest_version": {
      "description": "One integer specifying the version of the manifest file format your package requires.",
      "const": 2
    },
    "name": {
      "type": "string",
      "description": "The name of the extension",
      "maxLength": 45
    },
    "version": {
      "description": "One to four dot-separated integers identifying the version of this extension.",
      "$ref": "#/$defs/{{00015-000:uniqueSymbolName}}"
    },
    "default_locale": {
      "type": "string",
      "description": "Specifies the subdirectory of _locales that contains the default strings for this extension.",
      "default": "en"
    },
    "description": {
      "type": "string",
      "description": "A plain text description of the extension",
      "maxLength": 132
    },
    "icons": {
      "type": "object",
      "description": "One or more icons that represent the extension, app, or theme. Recommended format: PNG; also BMP, GIF, ICO, JPEG.",
      "properties": {
        "16": {
          "description": "Used as the favicon for an extension's pages and infobar.",
          "$ref": "#/$defs/{{0002-000:uniqueSymbolName}}"
        },
        "48": {
          "description": "Used on the extension management page (chrome://extensions).",
          "$ref": "#/$defs/{{0002-000:uniqueSymbolName}}"
        },
        "128": {
          "description": "Used during installation and in the Chrome Web Store.",
          "$ref": "#/$defs/{{0002-000:uniqueSymbolName}}"
        },
        "256": {
          "description": "Used during installation and in the Chrome Web Store.",
          "$ref": "#/$defs/{{0002-000:uniqueSymbolName}}"
        }
      },
      "required": [
        "16",
        "48",
        "128",
        "256"
      ],
      "additionalProperties": true
    },
    "browser_action": {
      "description": "Use browser actions to put icons in the main Google Chrome toolbar, to the right of the address bar. In addition to its icon, a browser action can also have a tooltip, a badge, and a popup.",
      "$ref": "#/$defs/{{00010-000:uniqueSymbolName}}"
    },
    "page_action": {
      "description": "Use the chrome.pageAction API to put icons inside the address bar. Page actions represent actions that can be taken on the current page, but that aren't applicable to all pages.",
      "$ref": "#/$defs/{{00010-000:uniqueSymbolName}}"
    },
    "background": {
      "type": "object",
      "description": "The background page is an HTML page that runs in the extension process. It exists for the lifetime of your extension, and only one instance of it at a time is active.",
      "properties": {
        "persistent": {
          "type": "boolean",
          "description": "When false, makes the background page an event page (loaded only when needed).",
          "default": true
        },
        "page": {
          "description": "Specify the HTML of the background page.",
          "default": "background.html",
          "$ref": "#/$defs/{{0001-000:uniqueSymbolName}}"
        },
        "scripts": {
          "description": "A background page will be generated by the extension system that includes each of the files listed in the scripts property.",
          "default": [
            "background.js"
          ],
          "$ref": "#/$defs/{{00018-000:uniqueSymbolName}}"
        }
      },
      "additionalProperties": true
    },
    "chrome_url_overrides": {
      "type": "object",
      "description": "Override pages are a way to substitute an HTML file from your extension for a page that Google Chrome normally provides.",
      "properties": {
        "bookmarks": {
          "description": "The page that appears when the user chooses the Bookmark Manager menu item from the Chrome menu or, on Mac, the Bookmark Manager item from the Bookmarks menu. You can also get to this page by entering the URL chrome://bookmarks.",
          "default": "bookmarks.html",
          "$ref": "#/$defs/{{00016-000:uniqueSymbolName}}"
        },
        "history": {
          "description": "The page that appears when the user chooses the History menu item from the Chrome menu or, on Mac, the Show Full History item from the History menu. You can also get to this page by entering the URL chrome://history.",
          "default": "history.html",
          "$ref": "#/$defs/{{00016-000:uniqueSymbolName}}"
        },
        "newtab": {
          "description": "The page that appears when the user creates a new tab or window. You can also get to this page by entering the URL chrome://newtab.",
          "default": "newtab.html",
          "$ref": "#/$defs/{{00016-000:uniqueSymbolName}}"
        }
      },
      "additionalProperties": true
    },
    "commands": {
      "type": "object",
      "description": "Use the commands API to add keyboard shortcuts that trigger actions in your extension, for example, an action to open the browser action or send a command to the extension.",
      "additionalProperties": {
        "$ref": "#/$defs/{{00014-000:uniqueSymbolName}}"
      }
    },
    "content_scripts": {
      "type": "array",
      "description": "Content scripts are JavaScript files that run in the context of web pages.",
      "items": {
        "type": "object",
        "properties": {
          "matches": {
            "type": "array",
            "description": "Specifies which pages this content script will be injected into.",
            "items": {
              "$ref": "#/$defs/{{00021-000:uniqueSymbolName}}"
            },
            "minItems": 1,
            "uniqueItems": true
          },
          "exclude_matches": {
            "type": "array",
            "description": "Excludes pages that this content script would otherwise be injected into.",
            "items": {
              "$ref": "#/$defs/{{00021-000:uniqueSymbolName}}"
            },
            "uniqueItems": true
          },
          "css": {
            "type": "array",
            "description": "The list of CSS files to be injected into matching pages. These are injected in the order they appear in this array, before any DOM is constructed or displayed for the page.",
            "items": {
              "$ref": "#/$defs/{{0001-000:uniqueSymbolName}}"
            },
            "uniqueItems": true
          },
          "js": {
            "description": "The list of JavaScript files to be injected into matching pages. These are injected in the order they appear in this array.",
            "$ref": "#/$defs/{{00018-000:uniqueSymbolName}}"
          },
          "run_at": {
            "description": "Controls when the files in js are injected.",
            "default": "document_idle",
            "enum": [
              "document_start",
              "document_end",
              "document_idle"
            ]
          },
          "all_frames": {
            "type": "boolean",
            "description": "Controls whether the content script runs in all frames of the matching page, or only the top frame.",
            "default": false
          },
          "include_globs": {
            "type": "array",
            "description": "Applied after matches to include only those URLs that also match this glob. Intended to emulate the @include Greasemonkey keyword.",
            "items": {
              "$ref": "#/$defs/{{00020-000:uniqueSymbolName}}"
            },
            "uniqueItems": true
          },
          "exclude_globs": {
            "type": "array",
            "description": "Applied after matches to exclude URLs that match this glob. Intended to emulate the @exclude Greasemonkey keyword.",
            "items": {
              "$ref": "#/$defs/{{00020-000:uniqueSymbolName}}"
            },
            "uniqueItems": true
          },
          "match_about_blank": {
            "type": "boolean",
            "description": "Whether to insert the content script on about:blank and about:srcdoc.",
            "default": false
          }
        },
        "required": [
          "matches",
          "exclude_matches",
          "css",
          "js",
          "include_globs",
          "exclude_globs"
        ],
        "additionalProperties": true
      },
      "minItems": 1,
      "uniqueItems": true
    },
    "content_security_policy": {
      "$ref": "#/$defs/{{00019-000:uniqueSymbolName}}"
    },
    "devtools_page": {
      "description": "A DevTools extension adds functionality to the Chrome DevTools. It can add new UI panels and sidebars, interact with the inspected page, get information about network requests, and more.",
      "$ref": "#/$defs/{{00016-000:uniqueSymbolName}}"
    },
    "externally_connectable": {
      "type": "object",
      "description": "Declares which extensions, apps, and web pages can connect to your extension via runtime.connect and runtime.sendMessage.",
      "properties": {
        "ids": {
          "type": "array",
          "description": "The IDs of extensions or apps that are allowed to connect. If left empty or unspecified, no extensions or apps can connect.",
          "items": {
            "type": "string"
          }
        },
        "matches": {
          "type": "array",
          "description": "The URL patterns for web pages that are allowed to connect. This does not affect content scripts. If left empty or unspecified, no web pages can connect.",
          "items": {
            "type": "string"
          }
        },
        "accepts_tls_channel_id": {
          "type": "boolean",
          "description": "Indicates that the extension would like to make use of the TLS channel ID of the web page connecting to it. The web page must also opt to send the TLS channel ID to the extension via setting includeTlsChannelId to true in runtime.connect's connectInfo or runtime.sendMessage's options.",
          "default": false
        }
      },
      "required": [
        "ids",
        "matches"
      ],
      "additionalProperties": true
    },
    "file_browser_handlers": {
      "type": "array",
      "description": "You can use this API to enable users to upload files to your website.",
      "items": {
        "type": "object",
        "properties": {
          "id": {
            "type": "string",
            "description": "Used by event handling code to differentiate between multiple file handlers"
          },
          "default_title": {
            "type": "string",
            "description": "What the button will display."
          },
          "file_filters": {
            "type": "array",
            "description": "Filetypes to match.",
            "items": {
              "type": "string"
            },
            "minItems": 1
          }
        },
        "required": [
          "id",
          "default_title",
          "file_filters"
        ],
        "additionalProperties": true
      },
      "minItems": 1
    },
    "homepage_url": {
      "description": "The URL of the homepage for this extension.",
      "$ref": "#/$defs/{{0001-000:uniqueSymbolName}}"
    },
    "incognito": {
      "description": "Specify how this extension will behave if allowed to run in incognito mode.",
      "default": "spanning",
      "enum": [
        "spanning",
        "split",
        "not_allowed"
      ]
    },
    "input_components": {
      "type": "array",
      "description": "Allows your extension to handle keystrokes, set the composition, and manage the candidate window.",
      "items": {
        "type": "object",
        "properties": {
          "name": {
            "type": "string"
          },
          "type": {
            "type": "string"
          },
          "id": {
            "type": "string"
          },
          "description": {
            "type": "string"
          },
          "language": {
            "type": "string"
          },
          "layouts": {
            "type": "array",
            "items": {
              "type": "string"
            }
          }
        },
        "required": [
          "name",
          "type",
          "id",
          "description",
          "language",
          "layouts"
        ],
        "additionalProperties": true
      }
    },
    "key": {
      "type": "string",
      "description": "This value can be used to control the unique ID of an extension, app, or theme when it is loaded during development."
    },
    "minimum_chrome_version": {
      "description": "The version of Chrome that your extension, app, or theme requires, if any.",
      "$ref": "#/$defs/{{00015-000:uniqueSymbolName}}"
    },
    "nacl_modules": {
      "type": "array",
      "description": "One or more mappings from MIME types to the Native Client module that handles each type.",
      "items": {
        "type": "object",
        "properties": {
          "path": {
            "description": "The location of a Native Client manifest (a .nmf file) within the extension directory.",
            "$ref": "#/$defs/{{0001-000:uniqueSymbolName}}"
          },
          "mime_type": {
            "description": "The MIME type for which the Native Client module will be registered as content handler.",
            "$ref": "#/$defs/{{00022-000:uniqueSymbolName}}"
          }
        },
        "required": [
          "path",
          "mime_type"
        ],
        "additionalProperties": true
      },
      "minItems": 1,
      "uniqueItems": true
    },
    "oauth2": {
      "type": "object",
      "description": "Use the Chrome Identity API to authenticate users: the getAuthToken for users logged into their Google Account and the launchWebAuthFlow for users logged into a non-Google account.",
      "properties": {
        "client_id": {
          "type": "string",
          "description": "You need to register your app in the Google APIs Console to get the client ID."
        },
        "scopes": {
          "type": "array",
          "items": {
            "type": "string"
          },
          "minItems": 1
        }
      },
      "required": [
        "client_id",
        "scopes"
      ],
      "additionalProperties": true
    },
    "offline_enabled": {
      "type": "boolean",
      "description": "Whether the app or extension is expected to work offline. When Chrome detects that it is offline, apps with this field set to true will be highlighted on the New Tab page."
    },
    "omnibox": {
      "type": "object",
      "description": "The omnibox API allows you to register a keyword with Google Chrome's address bar, which is also known as the omnibox.",
      "properties": {
        "keyword": {
          "type": "string",
          "description": "The keyward that will trigger your extension."
        }
      },
      "required": [
        "keyword"
      ],
      "additionalProperties": true
    },
    "optional_permissions": {
      "description": "Use the chrome.permissions API to request declared optional permissions at run time rather than install time, so users understand why the permissions are needed and grant only those that are necessary.",
      "$ref": "#/$defs/{{00024-000:uniqueSymbolName}}"
    },
    "options_page": {
      "description": "To allow users to customize the behavior of your extension, you may wish to provide an options page. If you do, a link to it will be provided from the extensions management page at chrome://extensions. Clicking the Options link opens a new tab pointing at your options page.",
      "default": "options.html",
      "$ref": "#/$defs/{{00016-000:uniqueSymbolName}}"
    },
    "options_ui": {
      "type": "object",
      "description": "To allow users to customize the behavior of your extension, you may wish to provide an options page. If you do, an Options link will be shown on the extensions management page at chrome://extensions which opens a dialogue containing your options page.",
      "properties": {
        "page": {
          "type": "string",
          "description": "The path to your options page, relative to your extension's root."
        },
        "chrome_style": {
          "type": "boolean",
          "description": "If true, a Chrome user agent stylesheet will be applied to your options page. The default value is false, but we recommend you enable it for a consistent UI with Chrome.",
          "default": true
        },
        "open_in_tab": {
          "type": "boolean",
          "description": "If true, your extension's options page will be opened in a new tab rather than embedded in chrome://extensions. The default is false, and we recommend that you don't change it. This is only useful to delay the inevitable deprecation of the old options UI! It will be removed soon, so try not to use it. It will break.",
          "default": false
        }
      },
      "required": [
        "page"
      ],
      "additionalProperties": true
    },
    "permissions": {
      "description": "Permissions help to limit damage if your extension or app is compromised by malware. Some permissions are also displayed to users before installation, as detailed in Permission Warnings.",
      "$ref": "#/$defs/{{00024-000:uniqueSymbolName}}"
    },
    "requirements": {
      "type": "object",
      "description": "Technologies required by the app or extension. Hosting sites such as the Chrome Web Store may use this list to dissuade users from installing apps or extensions that will not work on their computer.",
      "properties": {
        "3D": {
          "type": "object",
          "description": "The '3D' requirement denotes GPU hardware acceleration.",
          "properties": {
            "features": {
              "type": "array",
              "description": "List of the 3D-related features your app requires.",
              "items": {
                "const": "webgl"
              },
              "minItems": 1,
              "uniqueItems": true
            }
          },
          "required": [
            "features"
          ],
          "additionalProperties": true
        },
        "plugins": {
          "type": "object",
          "description": "Indicates if an app or extension requires NPAPI to run. This requirement is enabled by default when the manifest includes the 'plugins' field.",
          "properties": {
            "npapi": {
              "type": "boolean",
              "default": true
            }
          },
          "additionalProperties": true
        }
      },
      "required": [
        "3D",
        "plugins"
      ],
      "additionalProperties": true
    },
    "sandbox": {
      "type": "object",
      "description": "Defines an collection of app or extension pages that are to be served in a sandboxed unique origin, and optionally a Content Security Policy to use with them.",
      "properties": {
        "pages": {
          "type": "array",
          "items": {
            "$ref": "#/$defs/{{00016-000:uniqueSymbolName}}"
          },
          "minItems": 1,
          "uniqueItems": true
        },
        "content_security_policy": {
          "default": "sandbox allow-scripts allow-forms",
          "$ref": "#/$defs/{{00019-000:uniqueSymbolName}}"
        }
      },
      "required": [
        "pages"
      ],
      "additionalProperties": true
    },
    "short_name": {
      "type": "string",
      "description": "The short name is typically used where there is insufficient space to display the full name.",
      "maxLength": 12
    },
    "update_url": {
      "description": "If you publish using the Chrome Developer Dashboard, ignore this field. If you host your own extension or app: URL to an update manifest XML file.",
      "$ref": "#/$defs/{{0001-000:uniqueSymbolName}}"
    },
    "tts_engine": {
      "type": "object",
      "description": "Register itself as a speech engine.",
      "properties": {
        "voices": {
          "type": "array",
          "description": "Voices the extension can synthesize.",
          "items": {
            "type": "object",
            "properties": {
              "voice_name": {
                "type": "string",
                "description": "Identifies the name of the voice and the engine used."
              },
              "lang": {
                "type": "string",
                "description": "Almost always, a voice can synthesize speech in just a single language. When an engine supports more than one language, it can easily register a separate voice for each language."
              },
              "gender": {
                "type": "string",
                "description": "If your voice corresponds to a male or female voice, you can use this parameter to help clients choose the most appropriate voice for their application."
              },
              "event_types": {
                "type": "array",
                "description": "Events sent to update the client on the progress of speech synthesis.",
                "items": {
                  "enum": [
                    "start",
                    "word",
                    "sentence",
                    "marker",
                    "end",
                    "error"
                  ]
                },
                "minItems": 1,
                "uniqueItems": true
              }
            },
            "required": [
              "voice_name",
              "lang",
              "gender"
            ],
            "additionalProperties": true
          },
          "minItems": 1,
          "uniqueItems": true
        },
        "version_name": {
          "type": "string",
          "description": "In addition to the version field, which is used for update purposes, version_name can be set to a descriptive version string and will be used for display purposes if present."
        },
        "web_accessible_resources": {
          "type": "array",
          "description": "An array of strings specifying the paths (relative to the package root) of packaged resources that are expected to be usable in the context of a web page.",
          "items": {
            "$ref": "#/$defs/{{0001-000:uniqueSymbolName}}"
          },
          "minItems": 1,
          "uniqueItems": true
        },
        "chrome_settings_overrides": {},
        "content_pack": {},
        "current_locale": {},
        "import": {},
        "platforms": {},
        "signature": {},
        "spellcheck": {},
        "storage": {},
        "system_indicator": {}
      },
      "required": [
        "voices",
        "version_name",
        "web_accessible_resources",
        "chrome_settings_overrides",
        "content_pack",
        "current_locale",
        "import",
        "platforms",
        "signature",
        "spellcheck",
        "storage",
        "system_indicator"
      ],
      "additionalProperties": true
    }
  },
  "required": [
    "manifest_version",
    "name",
    "version",
    "description",
    "icons",
    "browser_action",
    "page_action",
    "background",
    "chrome_url_overrides",
    "commands",
    "content_scripts",
    "content_security_policy",
    "devtools_page",
    "externally_connectable",
    "file_browser_handlers",
    "homepage_url",
    "input_components",
    "key",
    "minimum_chrome_version",
    "nacl_modules",
    "oauth2",
    "offline_enabled",
    "omnibox",
    "optional_permissions",
    "options_ui",
    "permissions",
    "requirements",
    "sandbox",
    "short_name",
    "update_url",
    "tts_engine"
  ],
  "additionalProperties": true,
  "$defs": {
    "{{00015-000:uniqueSymbolName}}": {
      "type": "string",
      "title": "{{00015-000:uniqueSymbolName}}",
      "pattern": "^(?:\\\\d{1,5}\\\\.){0,3}\\\\d{1,5}$"
    },
    "{{0002-000:uniqueSymbolName}}": {
      "title": "{{0002-000:uniqueSymbolName}}",
      "$ref": "#/$defs/{{0001-000:uniqueSymbolName}}"
    },
    "{{0001-000:uniqueSymbolName}}": {
      "type": "string",
      "title": "{{0001-000:uniqueSymbolName}}"
    },
    "{{00010-000:uniqueSymbolName}}": {
      "type": "object",
      "title": "{{00010-000:uniqueSymbolName}}",
      "properties": {
        "default_title": {
          "type": "string",
          "description": "Tooltip for the main toolbar icon."
        },
        "default_popup": {
          "description": "The popup appears when the user clicks the icon.",
          "$ref": "#/$defs/{{0001-000:uniqueSymbolName}}"
        },
        "default_icon": {
          "anyOf": [
            {
              "type": "string",
              "description": "FIXME: String form is deprecated."
            },
            {
              "type": "object",
              "description": "Icon for the main toolbar.",
              "properties": {
                "19": {
                  "$ref": "#/$defs/{{0002-000:uniqueSymbolName}}"
                },
                "38": {
                  "$ref": "#/$defs/{{0002-000:uniqueSymbolName}}"
                }
              },
              "required": [
                "19",
                "38"
              ],
              "additionalProperties": true
            }
          ]
        }
      },
      "required": [
        "default_title",
        "default_popup",
        "default_icon"
      ],
      "additionalProperties": true
    },
    "{{00018-000:uniqueSymbolName}}": {
      "type": "array",
      "title": "{{00018-000:uniqueSymbolName}}",
      "items": {
        "$ref": "#/$defs/{{0001-000:uniqueSymbolName}}"
      },
      "minItems": 1,
      "uniqueItems": true
    },
    "{{00016-000:uniqueSymbolName}}": {
      "title": "{{00016-000:uniqueSymbolName}}",
      "$ref": "#/$defs/{{0001-000:uniqueSymbolName}}"
    },
    "{{00014-000:uniqueSymbolName}}": {
      "type": "object",
      "title": "{{00014-000:uniqueSymbolName}}",
      "properties": {
        "description": {
          "type": "string"
        },
        "suggested_key": {
          "type": "object",
          "additionalProperties": {
            "type": "string"
          }
        }
      },
      "required": [
        "description",
        "suggested_key"
      ],
      "additionalProperties": true
    },
    "{{00021-000:uniqueSymbolName}}": {
      "type": "string",
      "title": "{{00021-000:uniqueSymbolName}}"
    },
    "{{00020-000:uniqueSymbolName}}": {
      "type": "string",
      "title": "{{00020-000:uniqueSymbolName}}"
    },
    "{{00019-000:uniqueSymbolName}}": {
      "type": "string",
      "title": "{{00019-000:uniqueSymbolName}}",
      "description": "This introduces some fairly strict policies that will make extensions more secure by default, and provides you with the ability to create and enforce rules governing the types of content that can be loaded and executed by your extensions and applications.",
      "default": "script-src 'self'; object-src 'self'"
    },
    "{{00022-000:uniqueSymbolName}}": {
      "type": "string",
      "title": "{{00022-000:uniqueSymbolName}}",
      "pattern": "^(?:application|audio|image|message|model|multipart|text|video)\\\\/[-+.\\\\\\\\w]+$"
    },
    "{{00024-000:uniqueSymbolName}}": {
      "type": "array",
      "title": "{{00024-000:uniqueSymbolName}}",
      "items": {
        "type": "string"
      }
    }
  }
}",
    "type": "jsonschema",
  },
]
`;
