// Vitest Snapshot v1, https://vitest.dev/guide/snapshot.html

exports[`output generation 1`] = `
[
  {
    "data": {
      "000102-000": {
        "referenceName": "{{000102-000:symbolName}}",
        "srcPath": "src/lib/primitives/restclient/openapi.schema.type.ts",
        "symbolName": "PathItem",
        "uniqueSymbolName": "{{000102-000:symbolName}}3178",
      },
      "000138-000": {
        "referenceName": "{{000138-000:symbolName}}",
        "srcPath": "src/lib/primitives/restclient/openapi.schema.type.ts",
        "symbolName": "Operation",
        "uniqueSymbolName": "{{000138-000:symbolName}}3178",
      },
      "000143-000": {
        "referenceName": "{{000143-000:symbolName}}",
        "srcPath": "src/lib/primitives/restclient/openapi.schema.type.ts",
        "symbolName": "ExternalDocumentation",
        "uniqueSymbolName": "{{000143-000:symbolName}}3178",
      },
      "000175-000": {
        "referenceName": "{{000175-000:symbolName}}",
        "srcPath": "src/lib/primitives/restclient/openapi.schema.type.ts",
        "symbolName": "Parameter",
        "uniqueSymbolName": "{{000175-000:symbolName}}3178",
      },
      "00018-000": {
        "referenceName": "{{00018-000:symbolName}}",
        "srcPath": "src/lib/primitives/restclient/openapi.schema.type.ts",
        "symbolName": "OpenapiV3",
        "uniqueSymbolName": "{{00018-000:symbolName}}",
      },
      "000191-000": {
        "referenceName": "{{000191-000:symbolName}}",
        "srcPath": "src/lib/primitives/restclient/openapi.schema.type.ts",
        "symbolName": "MediaType",
        "uniqueSymbolName": "{{000191-000:symbolName}}3178",
      },
      "000206-000": {
        "referenceName": "{{000206-000:symbolName}}",
        "srcPath": "src/lib/primitives/restclient/openapi.schema.type.ts",
        "symbolName": "Encoding",
        "uniqueSymbolName": "{{000206-000:symbolName}}3178",
      },
      "000236-000": {
        "referenceName": "{{000236-000:symbolName}}",
        "srcPath": "src/lib/primitives/restclient/openapi.schema.type.ts",
        "symbolName": "Header",
        "uniqueSymbolName": "{{000236-000:symbolName}}3178",
      },
      "000246-000": {
        "referenceName": "{{000246-000:symbolName}}",
        "srcPath": "src/lib/primitives/restclient/openapi.schema.type.ts",
        "symbolName": "Example",
        "uniqueSymbolName": "{{000246-000:symbolName}}3178",
      },
      "000339-000": {
        "referenceName": "{{000339-000:symbolName}}",
        "srcPath": "src/lib/primitives/restclient/openapi.schema.type.ts",
        "symbolName": "Schema",
        "uniqueSymbolName": "{{000339-000:symbolName}}3178",
      },
      "000344-000": {
        "referenceName": "{{000344-000:symbolName}}",
        "srcPath": "src/lib/primitives/restclient/openapi.schema.type.ts",
        "symbolName": "Discriminator",
        "uniqueSymbolName": "{{000344-000:symbolName}}3178",
      },
      "000356-000": {
        "referenceName": "{{000356-000:symbolName}}",
        "srcPath": "src/lib/primitives/restclient/openapi.schema.type.ts",
        "symbolName": "XML",
        "uniqueSymbolName": "{{000356-000:symbolName}}3178",
      },
      "000364-000": {
        "referenceName": "{{000364-000:symbolName}}",
        "srcPath": "src/lib/primitives/restclient/openapi.schema.type.ts",
        "symbolName": "RequestBody",
        "uniqueSymbolName": "{{000364-000:symbolName}}3178",
      },
      "000373-000": {
        "referenceName": "{{000373-000:symbolName}}",
        "srcPath": "src/lib/primitives/restclient/openapi.schema.type.ts",
        "symbolName": "Responses",
        "uniqueSymbolName": "{{000373-000:symbolName}}3178",
      },
      "000389-000": {
        "referenceName": "{{000389-000:symbolName}}",
        "srcPath": "src/lib/primitives/restclient/openapi.schema.type.ts",
        "symbolName": "Response",
        "uniqueSymbolName": "{{000389-000:symbolName}}3178",
      },
      "000404-000": {
        "referenceName": "{{000404-000:symbolName}}",
        "srcPath": "src/lib/primitives/restclient/openapi.schema.type.ts",
        "symbolName": "Link",
        "uniqueSymbolName": "{{000404-000:symbolName}}3178",
      },
      "000412-000": {
        "referenceName": "{{000412-000:symbolName}}",
        "srcPath": "src/lib/primitives/restclient/openapi.schema.type.ts",
        "symbolName": "Server",
        "uniqueSymbolName": "{{000412-000:symbolName}}3178",
      },
      "000420-000": {
        "referenceName": "{{000420-000:symbolName}}",
        "srcPath": "src/lib/primitives/restclient/openapi.schema.type.ts",
        "symbolName": "ServerVariable",
        "uniqueSymbolName": "{{000420-000:symbolName}}3178",
      },
      "000423-000": {
        "referenceName": "{{000423-000:symbolName}}",
        "srcPath": "src/lib/primitives/restclient/openapi.schema.type.ts",
        "symbolName": "SecurityRequirement",
        "uniqueSymbolName": "{{000423-000:symbolName}}3178",
      },
      "000428-000": {
        "referenceName": "{{000428-000:symbolName}}",
        "srcPath": "src/lib/primitives/restclient/openapi.schema.type.ts",
        "symbolName": "SecurityScheme",
        "uniqueSymbolName": "{{000428-000:symbolName}}3178",
      },
      "000435-000": {
        "referenceName": "{{000435-000:symbolName}}",
        "srcPath": "src/lib/primitives/restclient/openapi.schema.type.ts",
        "symbolName": "APIKeySecurityScheme",
        "uniqueSymbolName": "{{000435-000:symbolName}}3178",
      },
      "000442-000": {
        "referenceName": "{{000442-000:symbolName}}",
        "srcPath": "src/lib/primitives/restclient/openapi.schema.type.ts",
        "symbolName": "HTTPSecurityScheme",
        "uniqueSymbolName": "{{000442-000:symbolName}}3178",
      },
      "000448-000": {
        "referenceName": "{{000448-000:symbolName}}",
        "srcPath": "src/lib/primitives/restclient/openapi.schema.type.ts",
        "symbolName": "OAuth2SecurityScheme",
        "uniqueSymbolName": "{{000448-000:symbolName}}3178",
      },
      "000458-000": {
        "referenceName": "{{000458-000:symbolName}}",
        "srcPath": "src/lib/primitives/restclient/openapi.schema.type.ts",
        "symbolName": "OAuthFlows",
        "uniqueSymbolName": "{{000458-000:symbolName}}3178",
      },
      "000466-000": {
        "referenceName": "{{000466-000:symbolName}}",
        "srcPath": "src/lib/primitives/restclient/openapi.schema.type.ts",
        "symbolName": "AuthorizationCodeOAuthFlow",
        "uniqueSymbolName": "{{000466-000:symbolName}}3178",
      },
      "000473-000": {
        "referenceName": "{{000473-000:symbolName}}",
        "srcPath": "src/lib/primitives/restclient/openapi.schema.type.ts",
        "symbolName": "ClientCredentialsFlow",
        "uniqueSymbolName": "{{000473-000:symbolName}}3178",
      },
      "000480-000": {
        "referenceName": "{{000480-000:symbolName}}",
        "srcPath": "src/lib/primitives/restclient/openapi.schema.type.ts",
        "symbolName": "ImplicitOAuthFlow",
        "uniqueSymbolName": "{{000480-000:symbolName}}3178",
      },
      "000487-000": {
        "referenceName": "{{000487-000:symbolName}}",
        "srcPath": "src/lib/primitives/restclient/openapi.schema.type.ts",
        "symbolName": "PasswordOAuthFlow",
        "uniqueSymbolName": "{{000487-000:symbolName}}3178",
      },
      "000493-000": {
        "referenceName": "{{000493-000:symbolName}}",
        "srcPath": "src/lib/primitives/restclient/openapi.schema.type.ts",
        "symbolName": "OpenIdConnectSecurityScheme",
        "uniqueSymbolName": "{{000493-000:symbolName}}3178",
      },
      "000505-000": {
        "referenceName": "{{000505-000:symbolName}}",
        "srcPath": "src/lib/primitives/restclient/openapi.schema.type.ts",
        "symbolName": "Info",
        "uniqueSymbolName": "{{000505-000:symbolName}}3178",
      },
      "000513-000": {
        "referenceName": "{{000513-000:symbolName}}",
        "srcPath": "src/lib/primitives/restclient/openapi.schema.type.ts",
        "symbolName": "Contact",
        "uniqueSymbolName": "{{000513-000:symbolName}}3178",
      },
      "000518-000": {
        "referenceName": "{{000518-000:symbolName}}",
        "srcPath": "src/lib/primitives/restclient/openapi.schema.type.ts",
        "symbolName": "License",
        "uniqueSymbolName": "{{000518-000:symbolName}}3178",
      },
      "000521-000": {
        "referenceName": "{{000521-000:symbolName}}",
        "srcPath": "src/lib/primitives/restclient/openapi.schema.type.ts",
        "symbolName": "Paths",
        "uniqueSymbolName": "{{000521-000:symbolName}}3178",
      },
      "000528-000": {
        "referenceName": "{{000528-000:symbolName}}",
        "srcPath": "src/lib/primitives/restclient/openapi.schema.type.ts",
        "symbolName": "Tag",
        "uniqueSymbolName": "{{000528-000:symbolName}}3178",
      },
      "00065-000": {
        "referenceName": "{{00065-000:symbolName}}",
        "srcPath": "src/lib/primitives/restclient/openapi.schema.type.ts",
        "symbolName": "Components",
        "uniqueSymbolName": "{{00065-000:symbolName}}3178",
      },
      "00067-000": {
        "referenceName": "{{00067-000:symbolName}}",
        "srcPath": "src/lib/primitives/restclient/openapi.schema.type.ts",
        "symbolName": "Reference",
        "uniqueSymbolName": "{{00067-000:symbolName}}3178",
      },
      "00070-000": {
        "referenceName": "{{00070-000:symbolName}}",
        "srcPath": "src/lib/primitives/restclient/openapi.schema.type.ts",
        "symbolName": "Callback",
        "uniqueSymbolName": "{{00070-000:symbolName}}3178",
      },
    },
    "prettify": true,
    "relativeSource": "./openapi.schema",
    "targetPath": "src/lib/primitives/restclient/openapi.schema.type.ts",
    "template": "/**
* Generated by @skyleague/therefore@v1.0.0-local
* Do not manually touch this
*/
/* eslint-disable */


export interface {{000435-000:symbolName}} {
    description?: string
    in: 'header' | 'query' | 'cookie'
    name: string
    type: 'apiKey'
    [k: \`x-\${string}\`]: unknown
}

export interface {{000466-000:symbolName}} {
    authorizationUrl: string
    refreshUrl?: string
    scopes: {
        [k: string]: string
    }
    tokenUrl: string
    [k: \`x-\${string}\`]: unknown
}

export interface {{00070-000:symbolName}} {
    [k: string]: {{000102-000:referenceName}} | unknown
    [k: \`x-\${string}\`]: unknown
}

export interface {{000473-000:symbolName}} {
    refreshUrl?: string
    scopes: {
        [k: string]: string
    }
    tokenUrl: string
    [k: \`x-\${string}\`]: unknown
}

export interface {{00065-000:symbolName}} {
    callbacks?: {
        [k: string]: {{00067-000:referenceName}} | {{00070-000:referenceName}}
    }
    examples?: {
        [k: string]: {{00067-000:referenceName}} | {{000246-000:referenceName}}
    }
    headers?: {
        [k: string]: {{00067-000:referenceName}} | {{000236-000:referenceName}}
    }
    links?: {
        [k: string]: {{00067-000:referenceName}} | {{000404-000:referenceName}}
    }
    parameters?: {
        [k: string]: {{00067-000:referenceName}} | {{000175-000:referenceName}}
    }
    requestBodies?: {
        [k: string]: {{00067-000:referenceName}} | {{000364-000:referenceName}}
    }
    responses?: {
        [k: string]: {{00067-000:referenceName}} | {{000389-000:referenceName}}
    }
    schemas?: {
        [k: string]: {{000339-000:referenceName}} | {{00067-000:referenceName}}
    }
    securitySchemes?: {
        [k: string]: {{00067-000:referenceName}} | {{000428-000:referenceName}}
    }
    [k: \`x-\${string}\`]: unknown
}

export interface {{000513-000:symbolName}} {
    email?: string
    name?: string
    url?: string
    [k: \`x-\${string}\`]: unknown
}

export interface {{000344-000:symbolName}} {
    mapping?: {
        [k: string]: string
    }
    propertyName: string
}

export interface {{000206-000:symbolName}} {
    /**
     * @default false
     */
    allowReserved?: boolean
    contentType?: string
    explode?: boolean
    headers?: {
        [k: string]: {{000236-000:referenceName}} | {{00067-000:referenceName}}
    }
    style?: 'form' | 'spaceDelimited' | 'pipeDelimited' | 'deepObject'
    [k: \`x-\${string}\`]: unknown
}

export interface {{000246-000:symbolName}} {
    description?: string
    externalValue?: string
    summary?: string
    value?: unknown
    [k: \`x-\${string}\`]: unknown
}

export interface {{000143-000:symbolName}} {
    description?: string
    url: string
    [k: \`x-\${string}\`]: unknown
}

export interface {{000236-000:symbolName}} {
    /**
     * @default false
     */
    allowEmptyValue?: boolean
    /**
     * @default false
     */
    allowReserved?: boolean
    content?: {
        [k: string]: {{000191-000:referenceName}}
    }
    /**
     * @default false
     */
    deprecated?: boolean
    description?: string
    example?: unknown
    examples?: {
        [k: string]: {{000246-000:referenceName}} | {{00067-000:referenceName}}
    }
    explode?: boolean
    /**
     * @default false
     */
    required?: boolean
    schema?: {{000339-000:referenceName}} | {{00067-000:referenceName}}
    /**
     * @default 'simple'
     */
    style?: 'simple'
    [k: \`x-\${string}\`]: unknown
}

export type {{000442-000:symbolName}} = {
    scheme?: string
} | {
    scheme?: unknown
}

export interface {{000480-000:symbolName}} {
    authorizationUrl: string
    refreshUrl?: string
    scopes: {
        [k: string]: string
    }
    [k: \`x-\${string}\`]: unknown
}

export interface {{000505-000:symbolName}} {
    contact?: {{000513-000:referenceName}}
    description?: string
    license?: {{000518-000:referenceName}}
    termsOfService?: string
    title: string
    version: string
    [k: \`x-\${string}\`]: unknown
}

export interface {{000518-000:symbolName}} {
    name: string
    url?: string
    [k: \`x-\${string}\`]: unknown
}

export interface {{000404-000:symbolName}} {
    description?: string
    operationId?: string
    operationRef?: string
    parameters?: {
        [k: string]: unknown
    }
    requestBody?: unknown
    server?: {{000412-000:referenceName}}
    [k: \`x-\${string}\`]: unknown
}

export interface {{000191-000:symbolName}} {
    encoding?: {
        [k: string]: {{000206-000:referenceName}}
    }
    example?: unknown
    examples?: {
        [k: string]: {{000246-000:referenceName}} | {{00067-000:referenceName}}
    }
    schema?: {{000339-000:referenceName}} | {{00067-000:referenceName}}
    [k: \`x-\${string}\`]: unknown
}

export interface {{000448-000:symbolName}} {
    description?: string
    flows: {{000458-000:referenceName}}
    type: 'oauth2'
    [k: \`x-\${string}\`]: unknown
}

export interface {{000458-000:symbolName}} {
    authorizationCode?: {{000466-000:referenceName}}
    clientCredentials?: {{000473-000:referenceName}}
    implicit?: {{000480-000:referenceName}}
    password?: {{000487-000:referenceName}}
    [k: \`x-\${string}\`]: unknown
}

/**
 * The description of OpenAPI v3.0.x documents, as defined by https://spec.openapis.org/oas/v3.0.3
 */
export interface {{00018-000:symbolName}} {
    components?: {{00065-000:referenceName}}
    externalDocs?: {{000143-000:referenceName}}
    info: {{000505-000:referenceName}}
    openapi: string
    paths: {{000521-000:referenceName}}
    security?: ({{000423-000:referenceName}})[]
    servers?: ({{000412-000:referenceName}})[]
    tags?: ({{000528-000:referenceName}})[]
    [k: \`x-\${string}\`]: unknown
}

export interface {{000493-000:symbolName}} {
    description?: string
    openIdConnectUrl: string
    type: 'openIdConnect'
    [k: \`x-\${string}\`]: unknown
}

export interface {{000138-000:symbolName}} {
    callbacks?: {
        [k: string]: {{00070-000:referenceName}} | {{00067-000:referenceName}}
    }
    /**
     * @default false
     */
    deprecated?: boolean
    description?: string
    externalDocs?: {{000143-000:referenceName}}
    operationId?: string
    parameters?: ({{000175-000:referenceName}} | {{00067-000:referenceName}})[]
    requestBody?: {{000364-000:referenceName}} | {{00067-000:referenceName}}
    responses: {{000373-000:referenceName}}
    security?: ({{000423-000:referenceName}})[]
    servers?: ({{000412-000:referenceName}})[]
    summary?: string
    tags?: (string)[]
    [k: \`x-\${string}\`]: unknown
}

export interface {{000175-000:symbolName}} {
    /**
     * @default false
     */
    allowEmptyValue?: boolean
    /**
     * @default false
     */
    allowReserved?: boolean
    content?: {
        [k: string]: {{000191-000:referenceName}}
    }
    /**
     * @default false
     */
    deprecated?: boolean
    description?: string
    example?: unknown
    examples?: {
        [k: string]: {{000246-000:referenceName}} | {{00067-000:referenceName}}
    }
    explode?: boolean
    in: string
    name: string
    /**
     * @default false
     */
    required?: boolean
    schema?: {{000339-000:referenceName}} | {{00067-000:referenceName}}
    style?: string
    [k: \`x-\${string}\`]: unknown
}

export interface {{000487-000:symbolName}} {
    refreshUrl?: string
    scopes: {
        [k: string]: string
    }
    tokenUrl: string
    [k: \`x-\${string}\`]: unknown
}

export interface {{000102-000:symbolName}} {
    '$ref'?: string
    delete?: {{000138-000:referenceName}}
    description?: string
    get?: {{000138-000:referenceName}}
    head?: {{000138-000:referenceName}}
    options?: {{000138-000:referenceName}}
    parameters?: ({{000175-000:referenceName}} | {{00067-000:referenceName}})[]
    patch?: {{000138-000:referenceName}}
    post?: {{000138-000:referenceName}}
    put?: {{000138-000:referenceName}}
    servers?: ({{000412-000:referenceName}})[]
    summary?: string
    trace?: {{000138-000:referenceName}}
    [k: \`x-\${string}\`]: unknown
}

export interface {{000521-000:symbolName}} {
    [k: \`/\${string}\`]: {{000102-000:referenceName}}
    [k: \`x-\${string}\`]: unknown
}

export interface {{00067-000:symbolName}} {
    '$ref': string
}

export interface {{000364-000:symbolName}} {
    content: {
        [k: string]: {{000191-000:referenceName}}
    }
    description?: string
    /**
     * @default false
     */
    required?: boolean
    [k: \`x-\${string}\`]: unknown
}

export interface {{000389-000:symbolName}} {
    content?: {
        [k: string]: {{000191-000:referenceName}}
    }
    description: string
    headers?: {
        [k: string]: {{000236-000:referenceName}} | {{00067-000:referenceName}}
    }
    links?: {
        [k: string]: {{000404-000:referenceName}} | {{00067-000:referenceName}}
    }
    [k: \`x-\${string}\`]: unknown
}

export interface {{000373-000:symbolName}} {
    default?: {{000389-000:referenceName}} | {{00067-000:referenceName}}
    [k: string]: {{000389-000:referenceName}} | {{00067-000:referenceName}} | unknown
    [k: \`x-\${string}\`]: unknown
}

export interface {{000339-000:symbolName}} {
    /**
     * @default true
     */
    additionalProperties?: {{000339-000:referenceName}} | {{00067-000:referenceName}} | boolean
    allOf?: ({{000339-000:referenceName}} | {{00067-000:referenceName}})[]
    anyOf?: ({{000339-000:referenceName}} | {{00067-000:referenceName}})[]
    default?: unknown
    /**
     * @default false
     */
    deprecated?: boolean
    description?: string
    discriminator?: {{000344-000:referenceName}}
    enum?: [unknown,  ...(unknown)[]]
    example?: unknown
    /**
     * @default false
     */
    exclusiveMaximum?: boolean
    /**
     * @default false
     */
    exclusiveMinimum?: boolean
    externalDocs?: {{000143-000:referenceName}}
    format?: string
    items?: {{000339-000:referenceName}} | {{00067-000:referenceName}}
    maximum?: number
    maxItems?: number
    maxLength?: number
    maxProperties?: number
    minimum?: number
    /**
     * @default 0
     */
    minItems?: number
    /**
     * @default 0
     */
    minLength?: number
    /**
     * @default 0
     */
    minProperties?: number
    multipleOf?: number
    not?: {{000339-000:referenceName}} | {{00067-000:referenceName}}
    /**
     * @default false
     */
    nullable?: boolean
    oneOf?: ({{000339-000:referenceName}} | {{00067-000:referenceName}})[]
    pattern?: string
    properties?: {
        [k: string]: {{000339-000:referenceName}} | {{00067-000:referenceName}}
    }
    /**
     * @default false
     */
    readOnly?: boolean
    required?: [string,  ...(string)[]]
    title?: string
    type?: 'array' | 'boolean' | 'integer' | 'number' | 'object' | 'string'
    /**
     * @default false
     */
    uniqueItems?: boolean
    /**
     * @default false
     */
    writeOnly?: boolean
    xml?: {{000356-000:referenceName}}
    [k: \`x-\${string}\`]: unknown
}

export interface {{000423-000:symbolName}} {
    [k: string]: (string)[]
}

export type {{000428-000:symbolName}} = {{000435-000:referenceName}} | {{000442-000:referenceName}} | {{000448-000:referenceName}} | {{000493-000:referenceName}}

export interface {{000412-000:symbolName}} {
    description?: string
    url: string
    variables?: {
        [k: string]: {{000420-000:referenceName}}
    }
    [k: \`x-\${string}\`]: unknown
}

export interface {{000420-000:symbolName}} {
    default: string
    description?: string
    enum?: (string)[]
    [k: \`x-\${string}\`]: unknown
}

export interface {{000528-000:symbolName}} {
    description?: string
    externalDocs?: {{000143-000:referenceName}}
    name: string
    [k: \`x-\${string}\`]: unknown
}

export interface {{000356-000:symbolName}} {
    /**
     * @default false
     */
    attribute?: boolean
    name?: string
    namespace?: string
    prefix?: string
    /**
     * @default false
     */
    wrapped?: boolean
    [k: \`x-\${string}\`]: unknown
}

",
    "type": "typescript",
  },
]
`;
